./pibd/gemizip/close.c
./pibd/gemizip/gemizip.h
./pibd/gemizip/book.c
./pibd/gemizip/quot.c
./pibd/gemizip/main.c
./pibd/gemizip/mstr.c
./pibd/gemizip/settle.c
./pibd/psvc/fqrcv.c
./pibd/psvc/mdst1batch.c
./pibd/psvc/mdspush.c
./pibd/psvc/mdspush2.c
./pibd/psvc/pibd4253.c
./pibd/psvc/pibd4251.c
./pibd/psvc/optatm.c
./pibd/psvc/pibd4252.c
./pibd/psvc/pibd3252.c
./pibd/psvc/mdsbatch.c
./pibd/markethit/markethit.c
./lib/mds/ifcfg.c
./lib/mds/xmlcfg.c
./lib/mds/strbuffer.c
./lib/mds/udp.c
./lib/mds/eod.c
./lib/mds/price.c
./lib/mds/market.c
./lib/mds/setup.c
./lib/mds/recv.c
./lib/mds/cisam.c
./lib/mds/misc.c
./lib/mds/leadmonth.c
./lib/mds/close.c
./lib/mds/alert.c
./lib/mds/post.c
./lib/mds/fetch.c
./lib/mds/exchange.c
./lib/mds/intr.c
./lib/mds/sched.c
./lib/mds/open.c
./lib/mds/symbol.c
./lib/mds/folder.c
./lib/mds/cook.c
./lib/mds/time.c
./lib/mds/shm.c
./lib/mds/syncer.c
./lib/mds/codeconv.c
./lib/mds/mds.c
./lib/com/netconf.c
./lib/com/ipcsub.c
./inc/mds/uthash.h
./inc/mds/mdprod.h
./inc/mds/mdfold.h
./inc/mds/mdquot_old.h
./inc/mds/mdtick.h
./inc/mds/mdintr.h
./inc/mds/mdquot.h
./inc/mds/context.h
./inc/mds/DSBK.h
./inc/mds/mdbook.h
./inc/mds/mdteod.h
./inc/mds/strbuffer.h
./inc/mds/stream.h
./inc/mds/config.h
./inc/mds/mdheow.h
./inc/mds/mstrval.h
./inc/mds/mdheod.h
./inc/mds/mdmstr.h
./inc/mds/mdheom.h
./inc/mds/mdttbl.h
./inc/mds/etcsvc.h
./inc/mds/mds.h
./inc/trn/intcom.h
./inc/trn/msgtrn.h
./inc/trn/svctrn.h
./inc/trn/gemitrn.h
./inc/com/libcom.h
./chck/mdintr_t.c
./chck/visize.c
./chck/mdpush.c
./chck/v_intr4.c
./chck/sise.c
./chck/stack.c
./chck/oprice.c
./chck/mdopin.c
./chck/v_intr3.c
./chck/v_optsymb.c
./chck/mdseek.c
./chck/v_intr.c
./chck/shmadj.c
./chck/v_tick.c
./chck/mdintr_csv.c
./chck/v_tick2.c
./chck/isread.c
./chck/v_tick3.c
./chck/mdbook.c
./chck/mdroot.c
./chck/mdlms.c
./chck/mdlmon.c
./chck/v_ipckey.c
./chck/mdremove.c
./chck/v_heod.c
./chck/mdintr.c
./chck/mdsymb.c
./chck/mdread.c
./chck/delindx.c
./chck/v_quechk.c
./chck/v_trdtm.c
./chck/wtime.c
./chck/mdtickcnt.c
./chck/mdlast.c
./chck/mdquot2.c
./chck/mdheod.c
./chck/v_tick4.c
./chck/mdshm.c
./chck/mdisam.c
./chck/c_mdsetp.c
./chck/mdpred.c
./chck/view_intr.c
./chck/c_symb.c
./chck/mdesym.c
./chck/v_heod2.c
./chck/mdquot.c
./chck/v_intr2.c
./chck/mdquat.c
./chck/mdtick.c
./chck/mdheod_csv.c
./chck/replay.c
./chck/mdmstrv.c
./chck/mdopts.c
./chck/mdmstr.c
./chck/mdmstr2.c
./pibb/misc.c
./pibb/pibb0000.c
./pibb/pibb.h
./pibb/pibb0001.c
./sfile/notimstr.c
./sfile/codfile.h
./sfile/sfile.h
./sfile/sfile.c
./psys/protab.h
./psys/psysmon.c
./psys/comsub.c
./psys/mdsclrlog.c
./psys/logbackup.c
./psys/comsvc.h
./psys/pclrlog.c
./sisetest/rcv2file.c
./sisetest/file2snd.c
./sisetest/misc.c
./b2b/b2btrn_org.h
./b2b/b2bsend.c
./b2b/b2btrn.h
./b2b/format.c
./b2b/b2brecv.c
./cmd/pen.h
./cmd/mdsstat.c
./cmd/xstat.c
./cmd/mstrupsert.c
./cmd/modfold.c
./cmd/noh_test.c
./cmd/mstrupdate_isym.c
./cmd/getkey.c
./cmd/term.c
./cmd/sett2file.c
./cmd/mstrupdate2.c
./cmd/mdsdelfold.c
./cmd/lmonupdate.c
./cmd/mstrupdate_kfrhm.c
./cmd/mdsopen.c
./cmd/mdssett.c
./cmd/modmstr_date.c
./cmd/mdsdelfold2.c
./cmd/file2snd.c
./cmd/mstrupdate3.c
./cmd/mdmstr_date_up.c
./cmd/svc_chk.c
./cmd/mdsstat2.c
./cmd/rcv2file.c
./cmd/mstrupdate.c
./pibm/pibm9232a.c
./pibm/pibm9216.c
./pibm/pibm9212.c
./pibm/pibm9214.c
./pibm/pibm9202.c
./pibm/pibm9211.c
./pibm/pibm9215.c
./pibm/pibm9001.c
./pibm/pibm.h
./pibm/main.c
./pibm/misc.c
./pibm/pibm9201.c
./pibm/pibm9221.c
./pibm/pibm9213.c
./pibm/pibm9231.c
./pibm/pibm9231a.c
./pibm/pibm9002.c
./pibm/pibm9215a.c
./pibm/pibm9232.c
./pibm/pibm9203.c
./util/conv/heodmod2.c
./util/conv/intrmod.c
./util/conv/yy2sam.c
./util/conv/intr2sam.c
./util/conv/intrmod_kfrhm_seqn.c
./util/conv/heodmod.c
./util/conv/intrmod3.c
./util/conv/intrmod_tymd.c
./util/conv/heod2csv.c
./util/conv/intrmod2.c
./util/conv/intrmod5.c
./util/conv/intrmod4.c
./util/conv/intr2csv.c
./util/conv/intrmod_kfrhm.c
./util/conv/quat2sam.c
./util/conv/sam2quat.c
./util/conv/sam2intr.c
./util/conv/optsam2heod.c
./util/conv/sam2heod.c
./util/conv/noh_heod_insert.c
./util/conv/qoldsam2quot.c
./util/conv/kw2heod.c
./util/conv/yes2intr.c
./util/conv/yes2intr_kor.c
./util/conv/heod2sam.c
./util/asis-isam/dfdtrad.h
./util/asis-isam/daymd.h
./util/asis-isam/cominc.h
./util/asis-isam/common.h
./util/asis-isam/v_trad.c
./util/shm/symbconv.c
./util/shm/setpload.c
./util/shm/setpset.c
./util/shm/bsnsconv.c
./util/shm/quotsetp.c
./pibo7000/logon.c
./pibo7000/pibo7028.c
./pibo7000/next_sample.c
./pibo7000/pibo7003.c
./pibo7000/pibo7011a.c
./pibo7000/main.c
./pibo7000/pibo7012.c
./pibo7000/pibo7014.c
./pibo7000/pibo7011b.c
./pibo7000/pibo7011c.c
./pibo7000/pibo7017.c
./pibo7000/pibo7018.c
./pibo7000/pibo7013.c
./pibo7000/pibo.api.c
./pibo7000/pibo7011.c
./pibo7000/pibo7052.c
./pibo7000/pibo7933.c
./pibo7000/pibo7019.c
./pibo7000/pibo7932.c
./pibo7000/pibo7801.c
./pibo7000/pibo7012a.c
./pibo7000/pibo7014a.c
./pibo7000/pibo7015.c
./pibo7000/pibo7016.c
./pibo7000/pibo7026a.c
./pibo7000/pibo7027.c
./pibo7000/pibo7023.c
./pibo7000/pibo7026.c
./pibo7000/pibo.h
./pibo7000/misc.c
./pibo7000/pibo7025.c
./pibo7000/pibo7021.c
./pibo7000/pibo7022.c
./pibo7000/pibo7024.c
./pibo7000/pibo7051.c
./pibo7500/main.c
./pibo7500/pibo7501.c
./pibo7500/pibo7512.c
./pibo7500/pibo7503.c
./pibo7500/pibo7504.c
./pibo7500/pibo7502.c
./pibo7500/pibo7511.c
./pibo7500/pibo.h
./pibo7500/misc.c
./pibo7600/pibo.h
./pibo7600/main.c
./pibo7600/pibo7521.c
./pibo7600/pibo7523.c
./pibo7600/misc.c
./pibo7600/pibo7522.c
./mymq/mq_server.c
./mymq/mq_client.c
./mymq/calltest.c
./mymq/pibo7027.c
./mymq/whois.c
./mymq/test01.c
./mymq/test02.c
./GMCIAG00/mci-work.h
./GMCIAG00/skmci.h
./GMCIAG00/GMCIAG0000.c
./GMCIAG00/main.c
./GMCIAG00/sock.c
./pibo/pibo.h
./pibo/main.c
./pibo/comhdr.h
./pibo/9003.h
./pibo/9003.c
./pibo/9002.h
./pibo/9002.c
./pibo/9001.h
./pibo/9001.c
./pibo/misc.c
