ipcrm -m 983049 
ipcrm -m 983050 
ipcrm -m 983051 
ipcrm -m 983053 
ipcrm -m 983054 
ipcrm -m 983055 
ipcrm -m 983056 
ipcrm -m 983057 
ipcrm -m 983082
ipcrm -m 
ipcrm -m 12     
ipcrm -m 18     
ipcrm -m 19     
ipcrm -m 20     
ipcrm -m 21     
ipcrm -m 23     
ipcrm -m 24     
ipcrm -m 25     
ipcrm -m 26      
ipcrm -m 27      
ipcrm -m 28      
ipcrm -m 29      
ipcrm -m 30      
ipcrm -m 31      
ipcrm -m 32      
ipcrm -m 33     
ipcrm -m 34     
ipcrm -m 35     
ipcrm -m 36     
ipcrm -m 37     
ipcrm -m 38     
ipcrm -m 39      
ipcrm -m 40      
ipcrm -m 41      
ipcrm -m 1146948   
ipcrm -m 1146949   
ipcrm -m 786502    
ipcrm -m 1146951   
ipcrm -m 1146952   
ipcrm -m 1146954    
ipcrm -m 1146956    
ipcrm -m 557135     
ipcrm -m 557136     
ipcrm -m 1048667    
ipcrm -m 1146999    
ipcrm -m 1147000   
