##################################################################################################################
# TEST CONFIG FILE
##################################################################################################################
# config file
# name = value							# '=' name 변수에 value 값 입력
# name = "this is" 'string'				# string = "", ''로 표시
#										# 개행문자 혹은 comment까지 값으로 인식
# 특수 문자  \a \b \f \n \r \t \v \\ \' \" \? \$ \xHEX \0OCT \DEC \BBIT
# $ - 변수에 저장된 값을 가져온다. ( 1 환경변수,  2 cfg내 선언변수, 3 현재 section 선언변수)
###################################################################################################################
# name1		= value										# comment
# name2		= "this is string"	' continue'				# "string" 'string'
# name3		= "특수문자 \B110010 \x00000032 \062 \50" 	# comment
# name4		= "환경변수 $HOME $name3"					# $환경변수, $변수
# section												# section 
# {
#	s_m1	= sv1 
#	s2		{m1=v1 s3{m2=v2}}							# deep section
# }
# [win_section]											# win section
# win_name1	= win_value1
###################################################################################################################
# field format
###################################################################################################################
# 각 필드는 strtok로 불러오기 때문에 데이타가 없는 필드라도 
#  구분자(:) 사이에 스페이스(' ')나 도트('.')가 꼭 있어야 한다.
# field number
# field name
# x position
# y position
# view size
# data size : malloc 되는 size
# attribute 
#    WIN_ATTR_BLACK              0
#    WIN_ATTR_RED                1
#    WIN_ATTR_GREEN              2
#    WIN_ATTR_YELLOW             3
#    WIN_ATTR_BLUE               4
#    WIN_ATTR_MAGENTA            5
#    WIN_ATTR_CYAN               6
#    WIN_ATTR_WHITE              7
#    WIN_ATTR_BRIGHT             8
#         u    
#         n    
#      r  dcc  
#      e ieord 
#      v trnoeb
#    fbebalcsll
#    oaroliosei
#    rcslinaetn
#    ekedceldek
#	:7010000000:
#
#
# type : field type
#        cp 
#     s  oo 
#     ei mi 
#    mln pnt
#    eepmaty
#    ncuarep
#    uttpere
#	:0001000:
#
#   type = 
#   INT            '1'
#   FLOAT          '2'
#   LONG           '3'
#   LONG_LONG      '4'
#   DOUBLE         '5'
# format : data를 표시하기위한 printf 포맷
# filler : 모양 맞추기 위한 field ...
# initial data
#	"base	:name		:pos_x	:pos_y	:"     - base 아래 필드의 상대 x,y 위치를 세팅: x + pos_x, y + pos_y
#
#	"line	:start		:s_y	:e_y	:gap"  - 라인 반복 시작 - s_y(start y),e_y(end y) name=name_y gap(증가값)
#	"line	:end		:		:		:"     - 라인 반복 끝   
#	-----> name=name_순번, id=(id*1000)+순번
###################################################################################################################
map
{
	win_size	= 0, 2, 120, 75							# x, y, size_x, size_y
	timeout		= 250000								# select timeout (micro second)
}

screen
{
"                                                                                                                   "
"+-------------------------------------------------------------------------------------------------------------------+"
"|                                                                                                                   |"
"+-------------------------------------------------------------------------------------------------------------------+"
"|                                                                                                                   |"
"|                                                                                                                   |"
"|                                                                                                                   |"
"|                                                                                                                   |"
"|                                                                                                                   |"
"|                                                                                                                   |"
"|                                                                                                                   |"
"|                                                                                                                   |"
"|                                                                                                                   |"
"|                                                                                                                   |"
"|                                                                                                                   |"
"|                                                                                                                   |"
"|                                                                                                                   |"
"|                                                                                                                   |"
"|                                                                                                                   |"
"|                                                                                                                   |"
"|                                                                                                                   |"
"|                                                                                                                   |"
"|                                                                                                                   |"
"|                                                                                                                   |"
"|                                                                                                                   |"
"|                                                                                                                   |"
"|                                                                                                                   |"
"|                                                                                                                   |"
"|                                                                                                                   |"
"|                                                                                                                   |"
"|                                                                                                                   |"
"|                                                                                                                   |"
"|                                                                                                                   |"
"|                                                                                                                   |"
"|                                                                                                                   |"
"|                                                                                                                   |"
"|                                                                                                                   |"
"|                                                                                                                   |"
"|                                                                                                                   |"
"|                                                                                                                   |"
"|                                                                                                                   |"
"|                                                                                                                   |"
"|                                                                                                                   |"
"|                                                                                                                   |"
"|                                                                                                                   |"
"|                                                                                                                   |"
"|                                                                                                                   |"
"|                                                                                                                   |"
"|                                                                                                                   |"
"|                                                                                                                   |"
"|                                                                                                                   |"
"|                                                                                                                   |"
"|                                                                                                                   |"
"|                                                                                                                   |"
"|                                                                                                                   |"
"|                                                                                                                   |"
"|                                                                                                                   |"
"|                                                                                                                   |"
"|                                                                                                                   |"
"|                                                                                                                   |"
"|                                                                                                                   |"
"|                                                                                                                   |"
"|                                                                                                                   |"
"|                                                                                                                   |"
"|                                                                                                                   |"
"|                                                                                                                   |"
"|                                                                                                                   |"
"|                                                                                                                   |"
"|                                                                                                                   |"
"+-------------------------------------------------------------------------------------------------------------------+"
}

field
{
# title bar
#    no		 name			 x	 y	 vsz sz  attr        type    format		 data
#                                                  u             
#                                                  n                 
#                                               r  dcc       cp 
#                                              be ieord   s  oo 
#                                              rv trnoeb  ei mi 
#                                            fbiebalcsll mln pnt
#                                            oagroliosei eepmaty
#                                            rchslinaetn ncuarep
#                                            ektedceldek uttpere
	"base	:name			:0	:0	:"
	"00		:name			:2	:1	:120:150:60100000000:0001000:%-115s:	:  호가 테이블 Monitor  :"
	"00		:time			:96	:1	:20	:20	:70100000000:0000000:%s:		: :"

	"base	:name			:3	:1	:"
	"300	:tail			:0	:2	:6	:20	:70000000000:1000000:%s:		: tail     :"
	"301	:vim			:7	:2	:6	:20	:70000000000:1000000:%s:		: vim      :"

	"base	:name			:4	:4	:"
	"00		:name			:0	:1	:10	:20	:70010000000:0000000:%s:		: ID       :"
	"00		:name			:0	:2	:10	:20	:70010000000:0000000:%s:		: 종목순번 :"
	"00		:name			:0	:3	:10	:20	:70010000000:0000000:%s:		: 종목코드 :"
	"00		:name			:0	:4	:10	:20	:70010000000:0000000:%s:		: 처리횟수 :"
	"00		:name			:0	:5	:10	:20	:70010000000:0000000:%s:		: 처리시간 :"
	"00		:name			:0	:6	:10	:20	:70010000000:0000000:%s:		: 처리상태 :"
	"00		:name			:0	:7	:10	:20	:70010000000:0000000:%s:		: 다음처리 :"
	"00		:name			:0	:8	:10	:20	:70010000000:0000000:%s:		: 주문상태 :"

	"base	:name			:15	:4	:"
	"00		:tbl_id			:0	:1	:20	:20	:70000000000:0000001:%d:		: :"
	"00		:tbl_item_pos	:0	:2	:20	:20	:70000000000:0000001:%d:		: :"
	"00		:tbl_item_code	:0	:3	:20	:20	:70000000000:0000000:%.12s:		: :"
	"00		:tbl_proc_cnt	:0	:4	:20	:20	:70000000000:0000001:%d:		: :"
	"00		:tbl_proc_time	:0	:5	:30	:40	:70000000000:0000000:%s:		: :"
	"00		:tbl_mode		:0	:6	:20	:20	:70000000000:0000000:%s:		: :"
	"00		:tbl_mode_time	:10	:6	:20	:40	:70000000000:0000000:%s:		: :"
	"00		:tbl_mode_next	:0	:7	:20	:20	:70000000000:0000000:%s:		: :"
	"00		:tbl_stat		:0	:8	:20	:20	:70000000000:0000000:%s:		: :"

	"base	:name			:54	:4	:"
	"00		:name			:0	:1	:14	:20	:70010000000:0000000:%s:		: 주문수량단위 :"
	"00		:name			:0	:2	:14	:20	:70010000000:0000000:%s:		: 괴리율       :"
	"00		:name			:0	:3	:14	:20	:70010000000:0000000:%s:		: 틱단위       :"
	"00		:name			:0	:4	:14	:20	:70010000000:0000000:%s:		: 거래원번호   :"
	"00		:name			:0	:5	:14	:20	:70010000000:0000000:%s:		: 계좌번호     :"
	"00		:name			:0	:6	:14	:20	:70010000000:0000000:%s:		: 종가         :"
	"00		:name			:0	:7	:14	:20	:70010000000:0000000:%s:		: 종가수익률   :"
	"00		:name			:0	:8	:14	:20	:70010000000:0000000:%s:		: 전략번호     :"

	"base	:name			:69	:4	:"
	"00		:tbl_unit		:0	:1	:20	:20	:70000000000:0000001:%d:		: :"
	"00		:tbl_dsp		:0	:2	:20	:20	:70000000000:0000005:%-10.4f:	: :"
	"00		:tbl_tick		:0	:3	:20	:20	:70000000000:0000005:%-10.2f:	: :"
	"00		:tbl_trdr		:0	:4	:20	:20	:70000000000:0000000:%.5s:		: :"
	"00		:tbl_acc		:0	:5	:30	:40	:70000000000:0000000:%.11s:		: :"
	"00		:tbl_jong		:0	:6	:20	:20	:70000000000:0000005:%-10.2f:	: :"
	"00		:tbl_jong_yul	:0	:7	:20	:40	:70000000000:0000005:%-10.4f:	: :"
	"00		:tbl_stg_id		:0	:8	:20	:40	:70000000000:0000000:%s:		: :"

### 시장 시간 
    "base   :name			:0  :11  :"
    "00     :name			:2  :2  :115 :130:87010000000:0000000:%s:        : c 시장   시작시간 종료시간 대기 유지 한도 정리   스프레드 1,2,3     주문수량 1,2,3    :"
#    no      name			x   y   vsz sz  attr       type     format  data
    "line   :start			:3  :5	:1 "
    "100    :time_stat		:3  :0  :1  :20 :70000000000:1000000:%s:		: :"
    "100    :time_mk		:5  :0  :6  :20 :70000000000:0000000:%s:		: :"
    "101    :time_start		:12	:0  :8  :20 :70000000000:0000000:%s:		: :"
    "102    :time_end		:21	:0  :8  :20 :70000000000:000000s:%s:		: :"
    "103    :time_ed		:30 :0  :4  :20 :70000000000:0000001:%4d:		: :"
    "104    :time_rw		:35 :0  :4	:20 :70000000000:0000001:%4d:		: :"
    "106    :time_sl		:40 :0  :4	:20 :70000000000:0000001:%4d:		: :"
    "106    :time_es		:45 :0  :4	:20 :70000000000:0000001:%4d:		: :"
    "106    :time_prc1		:51 :0	:5	:20 :70000000000:0000005:%5.2f:		: :"
    "106    :time_prc2		:57 :0	:5	:20 :70000000000:0000005:%5.2f:		: :"
    "106    :time_prc3		:63 :0	:5	:20 :70000000000:0000005:%5.2f:		: :"
    "106    :time_vol1		:71 :0	:7	:20 :70000000000:0000005:%7.0f:		: :"
    "106    :time_vol2		:79 :0	:7	:20 :70000000000:0000005:%7.0f:		: :"
    "106    :time_vol3		:87 :0	:7	:20 :70000000000:0000005:%7.0f:		: :"
    "line   :end			:   :   :  "

### 호가 테이블
    "base   :name       	:0  :17  :"
	"00		:name			:3	:1	:10	:30	:70010000000:0000000:%s:		: 시세시간 :"
	"00		:new_time		:14	:1	:27	:30	:70000000000:0000000:%s:		: :"
    "00     :name       	:2  :2  :115:130:87010000000:0000000:%s:        : ab no seq  s   price      volume   gap    gap_vol lp    주문응답     주문수량  체결수량:"
#    no      name        	x   y   vsz sz  attr       type     format   data
    "line   :start      	:3  :37 :1 "
    "100    :new_ab     	:3  :0  :2  :20 :70000000000:0000001:%2d:		: :"
    "101    :new_no     	:6  :0  :2  :20 :70000000000:0000001:%2d:		: :"
    "102    :new_ho     	:9  :0  :3  :20 :70000000000:0000001:%3d:		: :"
    "103    :new_s_ho   	:13 :0  :2  :20 :70000000000:0000001:%2d:		: :"
    "104    :new_price  	:16 :0  :10 :20 :70000000000:0000005:%10.2f:	: :"
    "106    :new_volume 	:27 :0  :10 :20 :70000000000:0000005:%10.0f:	: :"
    "106    :new_gap    	:38 :0  :3  :20 :70000000000:0000001:%3d:		: :"
    "106    :new_gap_vol	:42 :0  :10 :20 :70000000000:0000005:%10.0f:	: :"
    "106    :new_lp_no  	:53 :0  :10 :20 :70000000000:0000001:%2d:		: :"
    "106    :new_ord_stat  	:60 :0  :30 :50 :70000000000:0000000:%s:		: :"
    "line   :end        	:   :   :  "

#   "base   :name       	:75 :14  :"
#   "00		:old_time		:3	:1	:27	:30	:70000000000:0000000:%s:		: :"
    "00     :name       	:2  :2  :40 :130:87010000000:0000000:%s:        : ab no seq  s   price      volume     :"
#    no      name        	x   y   vsz sz  attr       type     format   data
#   "line   :start      	:3  :37 :1 "
#   "100    :old_ab     	:3  :0  :2  :20 :70000000000:0000001:%2d:     : :"
#   "101    :old_no     	:6  :0  :2  :20 :70000000000:0000001:%2d:     : :"
#   "102    :old_ho     	:9  :0  :3  :20 :70000000000:0000001:%3d:     : :"
#   "103    :old_s_ho   	:13 :0  :2  :20 :70000000000:0000001:%2d:     : :"
#   "104    :old_price  	:16 :0  :10 :20 :70000000000:0000005:%10.2f:  : :"
#   "106    :old_volume 	:27 :0  :10 :20 :70000000000:0000005:%10.0f:  : :"
#   "line   :end        	:   :   :  "

### LP 주문 테이블
    "base   :name       	:0  :55  :"
    "00     :name       	:2  :1  :115 :130:87010000000:0000000:%s:        : LP 주문 응답 주문번호   원주문번호    매도가격   매도수량   체결수량          매수가격   매수수량   체결수량   :"
#    no      name        	x   y   vsz sz  attr       type     format   data
    "line   :start      	:2  :4  :1 "
    "100    :ord_name   	:3  :0  :2	:40 :70000000000:0000000:%s:       : :"
    "100    :ord_stat   	:6	:0  :4  :40 :70000000000:0000000:%s:       : :"
    "100    :ord_resp   	:11	:0  :4  :40 :70000000000:0000000:%s:       : :"
    "100    :ord_no     	:16	:0  :10 :40 :70000000000:0000000:%.12s:    : :"
    "100    :ord_org_no		:27	:0  :10 :40 :70000000000:0000000:%.12s:    : :"
    "100    :ord_ask_prc	:40 :0  :10 :20 :70000000000:0000005:%10.2f:   : :"
    "100    :ord_ask_vol	:51 :0  :10 :20 :70000000000:0000005:%10.0f:   : :"
    "100    :ord_ask_exe	:62 :0  :10 :20 :70000000000:0000005:%10.0f:   : :"
    "100    :ord_bid_prc	:80 :0  :10 :20 :70000000000:0000005:%10.2f:   : :"
    "100    :ord_bid_vol	:91 :0  :10 :20 :70000000000:0000005:%10.0f:   : :"
    "100    :ord_bid_exe	:102:0  :10 :20 :70000000000:0000005:%10.0f:   : :"
    "line   :end        	:   :   :  "

### 헷지 주문 테이블
    "base   :name       	:0  :60  :"
    "00     :name       	:2  :1  :115 :130:87010000000:0000000:%s:        : no 주문 응답 주문번호   원주문번호 side      가격       수량   체결수량  주문시간            GAP       :"
#    no      name        	x   y   vsz sz  attr       type     format   data
    "line   :start      	:2  :9  :1 "
    "100    :hdg_name   	:3  :0  :2	:40 :70000000000:0000000:%s:        : :"
    "100    :hdg_stat   	:6	:0  :4	:40 :70000000000:0000000:%s:        : :"
    "100    :hdg_resp   	:11	:0  :4	:40 :70000000000:0000000:%s:        : :"
    "100    :hdg_ord    	:16	:0  :10	:40 :70000000000:0000000:%.12s:     : :"
    "100    :hdg_org    	:27	:0  :10	:40 :70000000000:0000000:%.12s:     : :"
    "100    :hdg_side		:38	:0  :4	:40 :70000000000:0000000:%s:		: :"
    "100    :hdg_prc		:43 :0  :10	:20 :70000000000:0000005:%10.2f:    : :"
    "100    :hdg_vol		:54 :0  :10	:20 :70000000000:0000005:%10.0f:    : :"
    "100    :hdg_exe		:65:0  :10	:20 :70000000000:0000005:%10.0f:    : :"
    "100    :hdg_time		:76:0  :20	:40 :70000000000:0000000:%s:        : :"
    "100    :hdg_gap		:96:0  :20	:20 :70000000000:0000001:%4d:       : :"
    "line   :end        	:   :   :  "
}


